25-11-17.22:37:48.282 [main            ] INFO  Application            - Starting Application using Java 1.8.0_462 on DESKTOP-8JHLMP8 with PID 15084 (D:\javacode\WebProj\Smll-pay\small-paymall-DDD\small-paymall-DDD-app\target\classes started by XDUAI in D:\javacode\WebProj\Smll-pay\small-paymall-DDD)
25-11-17.22:37:48.284 [main            ] INFO  Application            - The following 1 profile is active: "dev"
25-11-17.22:37:48.715 [main            ] WARN  ClassPathMapperScanner - No MyBatis mapper was found in '[cn.bugstack]' package. Please check your configuration.
25-11-17.22:37:48.974 [main            ] INFO  TomcatWebServer        - Tomcat initialized with port(s): 8091 (http)
25-11-17.22:37:48.980 [main            ] INFO  Http11NioProtocol      - Initializing ProtocolHandler ["http-nio-8091"]
25-11-17.22:37:48.980 [main            ] INFO  StandardService        - Starting service [Tomcat]
25-11-17.22:37:48.980 [main            ] INFO  StandardEngine         - Starting Servlet engine: [Apache Tomcat/9.0.75]
25-11-17.22:37:49.053 [main            ] INFO  [/]                    - Initializing Spring embedded WebApplicationContext
25-11-17.22:37:49.053 [main            ] INFO  ServletWebServerApplicationContext - Root WebApplicationContext: initialization completed in 732 ms
25-11-17.22:37:49.388 [main            ] WARN  AnnotationConfigServletWebServerApplicationContext - Exception encountered during context initialization - cancelling refresh attempt: org.springframework.beans.factory.BeanCreationException: Error creating bean with name 'sqlSessionFactory' defined in class path resource [org/mybatis/spring/boot/autoconfigure/MybatisAutoConfiguration.class]: Bean instantiation via factory method failed; nested exception is org.springframework.beans.BeanInstantiationException: Failed to instantiate [org.apache.ibatis.session.SqlSessionFactory]: Factory method 'sqlSessionFactory' threw exception; nested exception is org.springframework.core.NestedIOException: Failed to parse mapping resource: 'file [D:\javacode\WebProj\Smll-pay\small-paymall-DDD\small-paymall-DDD-app\target\classes\mybatis\mapper\frame_case_mapper.xml]'; nested exception is org.apache.ibatis.builder.BuilderException: Error parsing Mapper XML. The XML location is 'file [D:\javacode\WebProj\Smll-pay\small-paymall-DDD\small-paymall-DDD-app\target\classes\mybatis\mapper\frame_case_mapper.xml]'. Cause: org.apache.ibatis.builder.BuilderException: Error resolving class. Cause: org.apache.ibatis.type.TypeException: Could not resolve type alias 'cn.bugstack.infrastructure.persistent.po.A'.  Cause: java.lang.ClassNotFoundException: Cannot find class: cn.bugstack.infrastructure.persistent.po.A
25-11-17.22:37:49.390 [main            ] INFO  StandardService        - Stopping service [Tomcat]
25-11-17.22:37:49.397 [main            ] INFO  ConditionEvaluationReportLoggingListener - 

Error starting ApplicationContext. To display the conditions report re-run your application with 'debug' enabled.
25-11-17.22:37:49.410 [main            ] ERROR SpringApplication      - Application run failed
org.springframework.beans.factory.BeanCreationException: Error creating bean with name 'sqlSessionFactory' defined in class path resource [org/mybatis/spring/boot/autoconfigure/MybatisAutoConfiguration.class]: Bean instantiation via factory method failed; nested exception is org.springframework.beans.BeanInstantiationException: Failed to instantiate [org.apache.ibatis.session.SqlSessionFactory]: Factory method 'sqlSessionFactory' threw exception; nested exception is org.springframework.core.NestedIOException: Failed to parse mapping resource: 'file [D:\javacode\WebProj\Smll-pay\small-paymall-DDD\small-paymall-DDD-app\target\classes\mybatis\mapper\frame_case_mapper.xml]'; nested exception is org.apache.ibatis.builder.BuilderException: Error parsing Mapper XML. The XML location is 'file [D:\javacode\WebProj\Smll-pay\small-paymall-DDD\small-paymall-DDD-app\target\classes\mybatis\mapper\frame_case_mapper.xml]'. Cause: org.apache.ibatis.builder.BuilderException: Error resolving class. Cause: org.apache.ibatis.type.TypeException: Could not resolve type alias 'cn.bugstack.infrastructure.persistent.po.A'.  Cause: java.lang.ClassNotFoundException: Cannot find class: cn.bugstack.infrastructure.persistent.po.A
	at org.springframework.beans.factory.support.ConstructorResolver.instantiate(ConstructorResolver.java:658)
	at org.springframework.beans.factory.support.ConstructorResolver.instantiateUsingFactoryMethod(ConstructorResolver.java:638)
	at org.springframework.beans.factory.support.AbstractAutowireCapableBeanFactory.instantiateUsingFactoryMethod(AbstractAutowireCapableBeanFactory.java:1352)
	at org.springframework.beans.factory.support.AbstractAutowireCapableBeanFactory.createBeanInstance(AbstractAutowireCapableBeanFactory.java:1195)
	at org.springframework.beans.factory.support.AbstractAutowireCapableBeanFactory.doCreateBean(AbstractAutowireCapableBeanFactory.java:582)
	at org.springframework.beans.factory.support.AbstractAutowireCapableBeanFactory.createBean(AbstractAutowireCapableBeanFactory.java:542)
	at org.springframework.beans.factory.support.AbstractBeanFactory.lambda$doGetBean$0(AbstractBeanFactory.java:335)
	at org.springframework.beans.factory.support.DefaultSingletonBeanRegistry.getSingleton(DefaultSingletonBeanRegistry.java:234)
	at org.springframework.beans.factory.support.AbstractBeanFactory.doGetBean(AbstractBeanFactory.java:333)
	at org.springframework.beans.factory.support.AbstractBeanFactory.getBean(AbstractBeanFactory.java:208)
	at org.springframework.beans.factory.support.DefaultListableBeanFactory.preInstantiateSingletons(DefaultListableBeanFactory.java:955)
	at org.springframework.context.support.AbstractApplicationContext.finishBeanFactoryInitialization(AbstractApplicationContext.java:920)
	at org.springframework.context.support.AbstractApplicationContext.refresh(AbstractApplicationContext.java:583)
	at org.springframework.boot.web.servlet.context.ServletWebServerApplicationContext.refresh(ServletWebServerApplicationContext.java:147)
	at org.springframework.boot.SpringApplication.refresh(SpringApplication.java:731)
	at org.springframework.boot.SpringApplication.refreshContext(SpringApplication.java:408)
	at org.springframework.boot.SpringApplication.run(SpringApplication.java:307)
	at org.springframework.boot.SpringApplication.run(SpringApplication.java:1303)
	at org.springframework.boot.SpringApplication.run(SpringApplication.java:1292)
	at cn.bugstack.Application.main(Application.java:12)
Caused by: org.springframework.beans.BeanInstantiationException: Failed to instantiate [org.apache.ibatis.session.SqlSessionFactory]: Factory method 'sqlSessionFactory' threw exception; nested exception is org.springframework.core.NestedIOException: Failed to parse mapping resource: 'file [D:\javacode\WebProj\Smll-pay\small-paymall-DDD\small-paymall-DDD-app\target\classes\mybatis\mapper\frame_case_mapper.xml]'; nested exception is org.apache.ibatis.builder.BuilderException: Error parsing Mapper XML. The XML location is 'file [D:\javacode\WebProj\Smll-pay\small-paymall-DDD\small-paymall-DDD-app\target\classes\mybatis\mapper\frame_case_mapper.xml]'. Cause: org.apache.ibatis.builder.BuilderException: Error resolving class. Cause: org.apache.ibatis.type.TypeException: Could not resolve type alias 'cn.bugstack.infrastructure.persistent.po.A'.  Cause: java.lang.ClassNotFoundException: Cannot find class: cn.bugstack.infrastructure.persistent.po.A
	at org.springframework.beans.factory.support.SimpleInstantiationStrategy.instantiate(SimpleInstantiationStrategy.java:185)
	at org.springframework.beans.factory.support.ConstructorResolver.instantiate(ConstructorResolver.java:653)
	... 19 common frames omitted
Caused by: org.springframework.core.NestedIOException: Failed to parse mapping resource: 'file [D:\javacode\WebProj\Smll-pay\small-paymall-DDD\small-paymall-DDD-app\target\classes\mybatis\mapper\frame_case_mapper.xml]'; nested exception is org.apache.ibatis.builder.BuilderException: Error parsing Mapper XML. The XML location is 'file [D:\javacode\WebProj\Smll-pay\small-paymall-DDD\small-paymall-DDD-app\target\classes\mybatis\mapper\frame_case_mapper.xml]'. Cause: org.apache.ibatis.builder.BuilderException: Error resolving class. Cause: org.apache.ibatis.type.TypeException: Could not resolve type alias 'cn.bugstack.infrastructure.persistent.po.A'.  Cause: java.lang.ClassNotFoundException: Cannot find class: cn.bugstack.infrastructure.persistent.po.A
	at org.mybatis.spring.SqlSessionFactoryBean.buildSqlSessionFactory(SqlSessionFactoryBean.java:613)
	at org.mybatis.spring.SqlSessionFactoryBean.afterPropertiesSet(SqlSessionFactoryBean.java:491)
	at org.mybatis.spring.SqlSessionFactoryBean.getObject(SqlSessionFactoryBean.java:633)
	at org.mybatis.spring.boot.autoconfigure.MybatisAutoConfiguration.sqlSessionFactory(MybatisAutoConfiguration.java:179)
	at org.mybatis.spring.boot.autoconfigure.MybatisAutoConfiguration$$EnhancerBySpringCGLIB$$9a4f1d11.CGLIB$sqlSessionFactory$0(<generated>)
	at org.mybatis.spring.boot.autoconfigure.MybatisAutoConfiguration$$EnhancerBySpringCGLIB$$9a4f1d11$$FastClassBySpringCGLIB$$59bbc8db.invoke(<generated>)
	at org.springframework.cglib.proxy.MethodProxy.invokeSuper(MethodProxy.java:244)
	at org.springframework.context.annotation.ConfigurationClassEnhancer$BeanMethodInterceptor.intercept(ConfigurationClassEnhancer.java:331)
	at org.mybatis.spring.boot.autoconfigure.MybatisAutoConfiguration$$EnhancerBySpringCGLIB$$9a4f1d11.sqlSessionFactory(<generated>)
	at sun.reflect.NativeMethodAccessorImpl.invoke0(Native Method)
	at sun.reflect.NativeMethodAccessorImpl.invoke(NativeMethodAccessorImpl.java:62)
	at sun.reflect.DelegatingMethodAccessorImpl.invoke(DelegatingMethodAccessorImpl.java:43)
	at java.lang.reflect.Method.invoke(Method.java:498)
	at org.springframework.beans.factory.support.SimpleInstantiationStrategy.instantiate(SimpleInstantiationStrategy.java:154)
	... 20 common frames omitted
Caused by: org.apache.ibatis.builder.BuilderException: Error parsing Mapper XML. The XML location is 'file [D:\javacode\WebProj\Smll-pay\small-paymall-DDD\small-paymall-DDD-app\target\classes\mybatis\mapper\frame_case_mapper.xml]'. Cause: org.apache.ibatis.builder.BuilderException: Error resolving class. Cause: org.apache.ibatis.type.TypeException: Could not resolve type alias 'cn.bugstack.infrastructure.persistent.po.A'.  Cause: java.lang.ClassNotFoundException: Cannot find class: cn.bugstack.infrastructure.persistent.po.A
	at org.apache.ibatis.builder.xml.XMLMapperBuilder.configurationElement(XMLMapperBuilder.java:123)
	at org.apache.ibatis.builder.xml.XMLMapperBuilder.parse(XMLMapperBuilder.java:95)
	at org.mybatis.spring.SqlSessionFactoryBean.buildSqlSessionFactory(SqlSessionFactoryBean.java:611)
	... 33 common frames omitted
Caused by: org.apache.ibatis.builder.BuilderException: Error resolving class. Cause: org.apache.ibatis.type.TypeException: Could not resolve type alias 'cn.bugstack.infrastructure.persistent.po.A'.  Cause: java.lang.ClassNotFoundException: Cannot find class: cn.bugstack.infrastructure.persistent.po.A
	at org.apache.ibatis.builder.BaseBuilder.resolveClass(BaseBuilder.java:118)
	at org.apache.ibatis.builder.xml.XMLMapperBuilder.resultMapElement(XMLMapperBuilder.java:263)
	at org.apache.ibatis.builder.xml.XMLMapperBuilder.resultMapElement(XMLMapperBuilder.java:254)
	at org.apache.ibatis.builder.xml.XMLMapperBuilder.resultMapElements(XMLMapperBuilder.java:246)
	at org.apache.ibatis.builder.xml.XMLMapperBuilder.configurationElement(XMLMapperBuilder.java:119)
	... 35 common frames omitted
Caused by: org.apache.ibatis.type.TypeException: Could not resolve type alias 'cn.bugstack.infrastructure.persistent.po.A'.  Cause: java.lang.ClassNotFoundException: Cannot find class: cn.bugstack.infrastructure.persistent.po.A
	at org.apache.ibatis.type.TypeAliasRegistry.resolveAlias(TypeAliasRegistry.java:120)
	at org.apache.ibatis.builder.BaseBuilder.resolveAlias(BaseBuilder.java:149)
	at org.apache.ibatis.builder.BaseBuilder.resolveClass(BaseBuilder.java:116)
	... 39 common frames omitted
Caused by: java.lang.ClassNotFoundException: Cannot find class: cn.bugstack.infrastructure.persistent.po.A
	at org.apache.ibatis.io.ClassLoaderWrapper.classForName(ClassLoaderWrapper.java:196)
	at org.apache.ibatis.io.ClassLoaderWrapper.classForName(ClassLoaderWrapper.java:89)
	at org.apache.ibatis.io.Resources.classForName(Resources.java:261)
	at org.apache.ibatis.type.TypeAliasRegistry.resolveAlias(TypeAliasRegistry.java:116)
	... 41 common frames omitted
25-11-17.22:40:12.813 [main            ] INFO  Application            - Starting Application using Java 1.8.0_462 on DESKTOP-8JHLMP8 with PID 23640 (D:\javacode\WebProj\Smll-pay\small-paymall-DDD\small-paymall-DDD-app\target\classes started by XDUAI in D:\javacode\WebProj\Smll-pay\small-paymall-DDD)
25-11-17.22:40:12.815 [main            ] INFO  Application            - The following 1 profile is active: "dev"
25-11-17.22:40:13.227 [main            ] WARN  ClassPathMapperScanner - No MyBatis mapper was found in '[cn.bugstack]' package. Please check your configuration.
25-11-17.22:40:13.464 [main            ] INFO  TomcatWebServer        - Tomcat initialized with port(s): 8091 (http)
25-11-17.22:40:13.470 [main            ] INFO  Http11NioProtocol      - Initializing ProtocolHandler ["http-nio-8091"]
25-11-17.22:40:13.471 [main            ] INFO  StandardService        - Starting service [Tomcat]
25-11-17.22:40:13.471 [main            ] INFO  StandardEngine         - Starting Servlet engine: [Apache Tomcat/9.0.75]
25-11-17.22:40:13.544 [main            ] INFO  [/]                    - Initializing Spring embedded WebApplicationContext
25-11-17.22:40:13.545 [main            ] INFO  ServletWebServerApplicationContext - Root WebApplicationContext: initialization completed in 702 ms
25-11-17.22:40:13.886 [main            ] INFO  Http11NioProtocol      - Starting ProtocolHandler ["http-nio-8091"]
25-11-17.22:40:13.926 [main            ] INFO  TomcatWebServer        - Tomcat started on port(s): 8091 (http) with context path ''
25-11-17.22:40:13.932 [main            ] INFO  Application            - Started Application in 1.483 seconds (JVM running for 1.959)
